------------------------------------------------------------
TimeQuest Timing Analyzer Summary
------------------------------------------------------------

Type  : Slow 1100mV 85C Model Setup 'clk'
Slack : -7.079
TNS   : -543.290

Type  : Slow 1100mV 85C Model Hold 'clk'
Slack : 0.541
TNS   : 0.000

Type  : Slow 1100mV 85C Model Minimum Pulse Width 'clk'
Slack : -4.555
TNS   : -293.135

Type  : Slow 1100mV 0C Model Setup 'clk'
Slack : -6.878
TNS   : -530.478

Type  : Slow 1100mV 0C Model Hold 'clk'
Slack : 0.519
TNS   : 0.000

Type  : Slow 1100mV 0C Model Minimum Pulse Width 'clk'
Slack : -4.555
TNS   : -292.935

Type  : Fast 1100mV 85C Model Setup 'clk'
Slack : -2.542
TNS   : -170.245

Type  : Fast 1100mV 85C Model Hold 'clk'
Slack : 0.180
TNS   : 0.000

Type  : Fast 1100mV 85C Model Minimum Pulse Width 'clk'
Slack : -2.636
TNS   : -105.345

Type  : Fast 1100mV 0C Model Setup 'clk'
Slack : -2.180
TNS   : -141.519

Type  : Fast 1100mV 0C Model Hold 'clk'
Slack : 0.171
TNS   : 0.000

Type  : Fast 1100mV 0C Model Minimum Pulse Width 'clk'
Slack : -2.636
TNS   : -105.582

------------------------------------------------------------
