Analysis & Synthesis report for cirno
Sat Apr 20 15:47:56 2019
Quartus Prime Version 17.1.0 Build 590 10/25/2017 SJ Lite Edition


---------------------
; Table of Contents ;
---------------------
  1. Legal Notice
  2. Analysis & Synthesis Summary
  3. Analysis & Synthesis Settings
  4. Parallel Compilation
  5. Analysis & Synthesis Source Files Read
  6. Analysis & Synthesis Resource Usage Summary
  7. Analysis & Synthesis Resource Utilization by Entity
  8. Analysis & Synthesis RAM Summary
  9. State Machine - |cirno|step
 10. User-Specified and Inferred Latches
 11. Registers Removed During Synthesis
 12. General Register Statistics
 13. Inverted Register Statistics
 14. Registers Packed Into Inferred Megafunctions
 15. Multiplexer Restructuring Statistics (Restructuring Performed)
 16. Source assignments for data_mem:DATA_MEM|altsyncram:core_rtl_0|altsyncram_m0q1:auto_generated
 17. Parameter Settings for Inferred Entity Instance: data_mem:DATA_MEM|altsyncram:core_rtl_0
 18. altsyncram Parameter Settings by Entity Instance
 19. Port Connectivity Checks: "instr_mem:INSTR_MEM"
 20. Post-Synthesis Netlist Statistics for Top Partition
 21. Elapsed Time Per Partition
 22. Analysis & Synthesis Messages
 23. Analysis & Synthesis Suppressed Messages



----------------
; Legal Notice ;
----------------
Copyright (C) 2017  Intel Corporation. All rights reserved.
Your use of Intel Corporation's design tools, logic functions 
and other software and tools, and its AMPP partner logic 
functions, and any output files from any of the foregoing 
(including device programming or simulation files), and any 
associated documentation or information are expressly subject 
to the terms and conditions of the Intel Program License 
Subscription Agreement, the Intel Quartus Prime License Agreement,
the Intel FPGA IP License Agreement, or other applicable license
agreement, including, without limitation, that your use is for
the sole purpose of programming logic devices manufactured by
Intel and sold by Intel or its authorized distributors.  Please
refer to the applicable agreement for further details.



+-------------------------------------------------------------------------------+
; Analysis & Synthesis Summary                                                  ;
+---------------------------------+---------------------------------------------+
; Analysis & Synthesis Status     ; Successful - Sat Apr 20 15:47:56 2019       ;
; Quartus Prime Version           ; 17.1.0 Build 590 10/25/2017 SJ Lite Edition ;
; Revision Name                   ; cirno                                       ;
; Top-level Entity Name           ; cirno                                       ;
; Family                          ; Cyclone V                                   ;
; Logic utilization (in ALMs)     ; N/A                                         ;
; Total registers                 ; 99                                          ;
; Total pins                      ; 3                                           ;
; Total virtual pins              ; 0                                           ;
; Total block memory bits         ; 2,048                                       ;
; Total DSP Blocks                ; 0                                           ;
; Total HSSI RX PCSs              ; 0                                           ;
; Total HSSI PMA RX Deserializers ; 0                                           ;
; Total HSSI TX PCSs              ; 0                                           ;
; Total HSSI PMA TX Serializers   ; 0                                           ;
; Total PLLs                      ; 0                                           ;
; Total DLLs                      ; 0                                           ;
+---------------------------------+---------------------------------------------+


+---------------------------------------------------------------------------------------------------------------------------+
; Analysis & Synthesis Settings                                                                                             ;
+---------------------------------------------------------------------------------+--------------------+--------------------+
; Option                                                                          ; Setting            ; Default Value      ;
+---------------------------------------------------------------------------------+--------------------+--------------------+
; Device                                                                          ; 5CGXFC7C7F23C8     ;                    ;
; Top-level entity name                                                           ; cirno              ; cirno              ;
; Family name                                                                     ; Cyclone V          ; Cyclone V          ;
; Use smart compilation                                                           ; Off                ; Off                ;
; Enable parallel Assembler and TimeQuest Timing Analyzer during compilation      ; On                 ; On                 ;
; Enable compact report table                                                     ; Off                ; Off                ;
; Restructure Multiplexers                                                        ; Auto               ; Auto               ;
; MLAB Add Timing Constraints For Mixed-Port Feed-Through Mode Setting Don't Care ; Off                ; Off                ;
; Create Debugging Nodes for IP Cores                                             ; Off                ; Off                ;
; Preserve fewer node names                                                       ; On                 ; On                 ;
; Intel FPGA IP Evaluation Mode                                                   ; Enable             ; Enable             ;
; Verilog Version                                                                 ; Verilog_2001       ; Verilog_2001       ;
; VHDL Version                                                                    ; VHDL_1993          ; VHDL_1993          ;
; State Machine Processing                                                        ; Auto               ; Auto               ;
; Safe State Machine                                                              ; Off                ; Off                ;
; Extract Verilog State Machines                                                  ; On                 ; On                 ;
; Extract VHDL State Machines                                                     ; On                 ; On                 ;
; Ignore Verilog initial constructs                                               ; Off                ; Off                ;
; Iteration limit for constant Verilog loops                                      ; 5000               ; 5000               ;
; Iteration limit for non-constant Verilog loops                                  ; 250                ; 250                ;
; Add Pass-Through Logic to Inferred RAMs                                         ; On                 ; On                 ;
; Infer RAMs from Raw Logic                                                       ; On                 ; On                 ;
; Parallel Synthesis                                                              ; On                 ; On                 ;
; DSP Block Balancing                                                             ; Auto               ; Auto               ;
; NOT Gate Push-Back                                                              ; On                 ; On                 ;
; Power-Up Don't Care                                                             ; On                 ; On                 ;
; Remove Redundant Logic Cells                                                    ; Off                ; Off                ;
; Remove Duplicate Registers                                                      ; On                 ; On                 ;
; Ignore CARRY Buffers                                                            ; Off                ; Off                ;
; Ignore CASCADE Buffers                                                          ; Off                ; Off                ;
; Ignore GLOBAL Buffers                                                           ; Off                ; Off                ;
; Ignore ROW GLOBAL Buffers                                                       ; Off                ; Off                ;
; Ignore LCELL Buffers                                                            ; Off                ; Off                ;
; Ignore SOFT Buffers                                                             ; On                 ; On                 ;
; Limit AHDL Integers to 32 Bits                                                  ; Off                ; Off                ;
; Optimization Technique                                                          ; Balanced           ; Balanced           ;
; Carry Chain Length                                                              ; 70                 ; 70                 ;
; Auto Carry Chains                                                               ; On                 ; On                 ;
; Auto Open-Drain Pins                                                            ; On                 ; On                 ;
; Perform WYSIWYG Primitive Resynthesis                                           ; Off                ; Off                ;
; Auto ROM Replacement                                                            ; On                 ; On                 ;
; Auto RAM Replacement                                                            ; On                 ; On                 ;
; Auto DSP Block Replacement                                                      ; On                 ; On                 ;
; Auto Shift Register Replacement                                                 ; Auto               ; Auto               ;
; Allow Shift Register Merging across Hierarchies                                 ; Auto               ; Auto               ;
; Auto Clock Enable Replacement                                                   ; On                 ; On                 ;
; Strict RAM Replacement                                                          ; Off                ; Off                ;
; Allow Synchronous Control Signals                                               ; On                 ; On                 ;
; Force Use of Synchronous Clear Signals                                          ; Off                ; Off                ;
; Auto Resource Sharing                                                           ; Off                ; Off                ;
; Allow Any RAM Size For Recognition                                              ; Off                ; Off                ;
; Allow Any ROM Size For Recognition                                              ; Off                ; Off                ;
; Allow Any Shift Register Size For Recognition                                   ; Off                ; Off                ;
; Use LogicLock Constraints during Resource Balancing                             ; On                 ; On                 ;
; Ignore translate_off and synthesis_off directives                               ; Off                ; Off                ;
; Timing-Driven Synthesis                                                         ; On                 ; On                 ;
; Report Parameter Settings                                                       ; On                 ; On                 ;
; Report Source Assignments                                                       ; On                 ; On                 ;
; Report Connectivity Checks                                                      ; On                 ; On                 ;
; Ignore Maximum Fan-Out Assignments                                              ; Off                ; Off                ;
; Synchronization Register Chain Length                                           ; 3                  ; 3                  ;
; Power Optimization During Synthesis                                             ; Normal compilation ; Normal compilation ;
; HDL message level                                                               ; Level2             ; Level2             ;
; Suppress Register Optimization Related Messages                                 ; Off                ; Off                ;
; Number of Removed Registers Reported in Synthesis Report                        ; 5000               ; 5000               ;
; Number of Swept Nodes Reported in Synthesis Report                              ; 5000               ; 5000               ;
; Number of Inverted Registers Reported in Synthesis Report                       ; 100                ; 100                ;
; Clock MUX Protection                                                            ; On                 ; On                 ;
; Auto Gated Clock Conversion                                                     ; Off                ; Off                ;
; Block Design Naming                                                             ; Auto               ; Auto               ;
; SDC constraint protection                                                       ; Off                ; Off                ;
; Synthesis Effort                                                                ; Auto               ; Auto               ;
; Shift Register Replacement - Allow Asynchronous Clear Signal                    ; On                 ; On                 ;
; Pre-Mapping Resynthesis Optimization                                            ; Off                ; Off                ;
; Analysis & Synthesis Message Level                                              ; Medium             ; Medium             ;
; Disable Register Merging Across Hierarchies                                     ; Auto               ; Auto               ;
; Resource Aware Inference For Block RAM                                          ; On                 ; On                 ;
; Automatic Parallel Synthesis                                                    ; On                 ; On                 ;
; Partial Reconfiguration Bitstream ID                                            ; Off                ; Off                ;
+---------------------------------------------------------------------------------+--------------------+--------------------+


+------------------------------------------+
; Parallel Compilation                     ;
+----------------------------+-------------+
; Processors                 ; Number      ;
+----------------------------+-------------+
; Number detected on machine ; 8           ;
; Maximum allowed            ; 4           ;
;                            ;             ;
; Average used               ; 1.00        ;
; Maximum used               ; 4           ;
;                            ;             ;
; Usage by Processor         ; % Time Used ;
;     Processor 1            ; 100.0%      ;
;     Processor 2            ;   0.0%      ;
;     Processor 3            ;   0.0%      ;
;     Processor 4            ;   0.0%      ;
+----------------------------+-------------+


+------------------------------------------------------------------------------------------------------------------------------------------------------------------------------------------------------------------------------+
; Analysis & Synthesis Source Files Read                                                                                                                                                                                       ;
+---------------------------------------------------------------------------+-----------------+------------------------------+---------------------------------------------------------------------------------------+---------+
; File Name with User-Entered Path                                          ; Used in Netlist ; File Type                    ; File Name with Absolute Path                                                          ; Library ;
+---------------------------------------------------------------------------+-----------------+------------------------------+---------------------------------------------------------------------------------------+---------+
; ../src/cirno/alu.sv                                                       ; yes             ; User SystemVerilog HDL File  ; /home/tedi2/playground/cirno-processing-unit/src/cirno/alu.sv                         ;         ;
; ../src/cirno/decoder.sv                                                   ; yes             ; User SystemVerilog HDL File  ; /home/tedi2/playground/cirno-processing-unit/src/cirno/decoder.sv                     ;         ;
; ../src/cirno/data_mem.sv                                                  ; yes             ; User SystemVerilog HDL File  ; /home/tedi2/playground/cirno-processing-unit/src/cirno/data_mem.sv                    ;         ;
; ../src/cirno/cirno.sv                                                     ; yes             ; User SystemVerilog HDL File  ; /home/tedi2/playground/cirno-processing-unit/src/cirno/cirno.sv                       ;         ;
; ../src/cirno/instr_mem.sv                                                 ; yes             ; User SystemVerilog HDL File  ; /home/tedi2/playground/cirno-processing-unit/src/cirno/instr_mem.sv                   ;         ;
; ../src/cirno/reg_file.sv                                                  ; yes             ; User SystemVerilog HDL File  ; /home/tedi2/playground/cirno-processing-unit/src/cirno/reg_file.sv                    ;         ;
; /home/tedi2/playground/cirno-processing-unit/src/cirno/programs/prog1.mem ; yes             ; Auto-Found Unspecified File  ; /home/tedi2/playground/cirno-processing-unit/src/cirno/programs/prog1.mem             ;         ;
; /home/tedi2/playground/cirno-processing-unit/src/cirno/programs/prog3.mem ; yes             ; Auto-Found Unspecified File  ; /home/tedi2/playground/cirno-processing-unit/src/cirno/programs/prog3.mem             ;         ;
; /home/tedi2/playground/cirno-processing-unit/src/cirno/programs/prog2.mem ; yes             ; Auto-Found Unspecified File  ; /home/tedi2/playground/cirno-processing-unit/src/cirno/programs/prog2.mem             ;         ;
; altsyncram.tdf                                                            ; yes             ; Megafunction                 ; /home/tedi2/intelFPGA_lite/17.1/quartus/libraries/megafunctions/altsyncram.tdf        ;         ;
; stratix_ram_block.inc                                                     ; yes             ; Megafunction                 ; /home/tedi2/intelFPGA_lite/17.1/quartus/libraries/megafunctions/stratix_ram_block.inc ;         ;
; lpm_mux.inc                                                               ; yes             ; Megafunction                 ; /home/tedi2/intelFPGA_lite/17.1/quartus/libraries/megafunctions/lpm_mux.inc           ;         ;
; lpm_decode.inc                                                            ; yes             ; Megafunction                 ; /home/tedi2/intelFPGA_lite/17.1/quartus/libraries/megafunctions/lpm_decode.inc        ;         ;
; aglobal171.inc                                                            ; yes             ; Megafunction                 ; /home/tedi2/intelFPGA_lite/17.1/quartus/libraries/megafunctions/aglobal171.inc        ;         ;
; a_rdenreg.inc                                                             ; yes             ; Megafunction                 ; /home/tedi2/intelFPGA_lite/17.1/quartus/libraries/megafunctions/a_rdenreg.inc         ;         ;
; altrom.inc                                                                ; yes             ; Megafunction                 ; /home/tedi2/intelFPGA_lite/17.1/quartus/libraries/megafunctions/altrom.inc            ;         ;
; altram.inc                                                                ; yes             ; Megafunction                 ; /home/tedi2/intelFPGA_lite/17.1/quartus/libraries/megafunctions/altram.inc            ;         ;
; altdpram.inc                                                              ; yes             ; Megafunction                 ; /home/tedi2/intelFPGA_lite/17.1/quartus/libraries/megafunctions/altdpram.inc          ;         ;
; db/altsyncram_m0q1.tdf                                                    ; yes             ; Auto-Generated Megafunction  ; /home/tedi2/playground/cirno-processing-unit/quartus/db/altsyncram_m0q1.tdf           ;         ;
+---------------------------------------------------------------------------+-----------------+------------------------------+---------------------------------------------------------------------------------------+---------+


+---------------------------------------------------------+
; Analysis & Synthesis Resource Usage Summary             ;
+---------------------------------------------+-----------+
; Resource                                    ; Usage     ;
+---------------------------------------------+-----------+
; Estimate of Logic utilization (ALMs needed) ; 311       ;
;                                             ;           ;
; Combinational ALUT usage for logic          ; 407       ;
;     -- 7 input functions                    ; 5         ;
;     -- 6 input functions                    ; 208       ;
;     -- 5 input functions                    ; 56        ;
;     -- 4 input functions                    ; 49        ;
;     -- <=3 input functions                  ; 89        ;
;                                             ;           ;
; Dedicated logic registers                   ; 99        ;
;                                             ;           ;
; I/O pins                                    ; 3         ;
; Total MLAB memory bits                      ; 0         ;
; Total block memory bits                     ; 2048      ;
;                                             ;           ;
; Total DSP Blocks                            ; 0         ;
;                                             ;           ;
; Maximum fan-out node                        ; clk~input ;
; Maximum fan-out                             ; 107       ;
; Total fan-out                               ; 2425      ;
; Average fan-out                             ; 4.66      ;
+---------------------------------------------+-----------+


+---------------------------------------------------------------------------------------------------------------------------------------------------------------------------------------------------------------------------------------------------------------------+
; Analysis & Synthesis Resource Utilization by Entity                                                                                                                                                                                                                 ;
+-------------------------------------------+---------------------+---------------------------+-------------------+------------+------+--------------+-------------------------------------------------------------------------------+-----------------+--------------+
; Compilation Hierarchy Node                ; Combinational ALUTs ; Dedicated Logic Registers ; Block Memory Bits ; DSP Blocks ; Pins ; Virtual Pins ; Full Hierarchy Name                                                           ; Entity Name     ; Library Name ;
+-------------------------------------------+---------------------+---------------------------+-------------------+------------+------+--------------+-------------------------------------------------------------------------------+-----------------+--------------+
; |cirno                                    ; 407 (21)            ; 99 (15)                   ; 2048              ; 0          ; 3    ; 0            ; |cirno                                                                        ; cirno           ; work         ;
;    |alu:ALU|                              ; 70 (70)             ; 0 (0)                     ; 0                 ; 0          ; 0    ; 0            ; |cirno|alu:ALU                                                                ; alu             ; work         ;
;    |data_mem:DATA_MEM|                    ; 0 (0)               ; 0 (0)                     ; 2048              ; 0          ; 0    ; 0            ; |cirno|data_mem:DATA_MEM                                                      ; data_mem        ; work         ;
;       |altsyncram:core_rtl_0|             ; 0 (0)               ; 0 (0)                     ; 2048              ; 0          ; 0    ; 0            ; |cirno|data_mem:DATA_MEM|altsyncram:core_rtl_0                                ; altsyncram      ; work         ;
;          |altsyncram_m0q1:auto_generated| ; 0 (0)               ; 0 (0)                     ; 2048              ; 0          ; 0    ; 0            ; |cirno|data_mem:DATA_MEM|altsyncram:core_rtl_0|altsyncram_m0q1:auto_generated ; altsyncram_m0q1 ; work         ;
;    |decoder:DECODER|                      ; 51 (51)             ; 28 (28)                   ; 0                 ; 0          ; 0    ; 0            ; |cirno|decoder:DECODER                                                        ; decoder         ; work         ;
;    |instr_mem:INSTR_MEM|                  ; 185 (185)           ; 8 (8)                     ; 0                 ; 0          ; 0    ; 0            ; |cirno|instr_mem:INSTR_MEM                                                    ; instr_mem       ; work         ;
;    |reg_file:REG_FILE|                    ; 80 (80)             ; 48 (48)                   ; 0                 ; 0          ; 0    ; 0            ; |cirno|reg_file:REG_FILE                                                      ; reg_file        ; work         ;
+-------------------------------------------+---------------------+---------------------------+-------------------+------------+------+--------------+-------------------------------------------------------------------------------+-----------------+--------------+
Note: For table entries with two numbers listed, the numbers in parentheses indicate the number of resources of the given type used by the specific entity alone. The numbers listed outside of parentheses indicate the total resources of the given type used by the specific entity and all of its sub-entities in the hierarchy.


+---------------------------------------------------------------------------------------------------------------------------------------------------------------------------------------+
; Analysis & Synthesis RAM Summary                                                                                                                                                      ;
+-----------------------------------------------------------------------------------+------+------------------+--------------+--------------+--------------+--------------+------+------+
; Name                                                                              ; Type ; Mode             ; Port A Depth ; Port A Width ; Port B Depth ; Port B Width ; Size ; MIF  ;
+-----------------------------------------------------------------------------------+------+------------------+--------------+--------------+--------------+--------------+------+------+
; data_mem:DATA_MEM|altsyncram:core_rtl_0|altsyncram_m0q1:auto_generated|ALTSYNCRAM ; AUTO ; Simple Dual Port ; 256          ; 8            ; 256          ; 8            ; 2048 ; None ;
+-----------------------------------------------------------------------------------+------+------------------+--------------+--------------+--------------+--------------+------+------+


Encoding Type:  One-Hot
+-----------------------------------------------------------------+
; State Machine - |cirno|step                                     ;
+----------+----------+----------+----------+----------+----------+
; Name     ; step.011 ; step.010 ; step.000 ; step.001 ; step.100 ;
+----------+----------+----------+----------+----------+----------+
; step.001 ; 0        ; 0        ; 0        ; 0        ; 0        ;
; step.000 ; 0        ; 0        ; 1        ; 1        ; 0        ;
; step.010 ; 0        ; 1        ; 0        ; 1        ; 0        ;
; step.011 ; 1        ; 0        ; 0        ; 1        ; 0        ;
; step.100 ; 0        ; 0        ; 0        ; 1        ; 1        ;
+----------+----------+----------+----------+----------+----------+


+---------------------------------------------------------------------------------------------------+
; User-Specified and Inferred Latches                                                               ;
+----------------------------------------------------+---------------------+------------------------+
; Latch Name                                         ; Latch Enable Signal ; Free of Timing Hazards ;
+----------------------------------------------------+---------------------+------------------------+
; instr_mem:INSTR_MEM|prog[0]                        ; init                ; yes                    ;
; instr_mem:INSTR_MEM|prog[1]                        ; init                ; yes                    ;
; Number of user-specified and inferred latches = 2  ;                     ;                        ;
+----------------------------------------------------+---------------------+------------------------+
Note: All latches listed above may not be present at the end of synthesis due to various synthesis optimizations.


+------------------------------------------------------------+
; Registers Removed During Synthesis                         ;
+---------------------------------------+--------------------+
; Register name                         ; Reason for Removal ;
+---------------------------------------+--------------------+
; step~9                                ; Lost fanout        ;
; step~10                               ; Lost fanout        ;
; step.000                              ; Lost fanout        ;
; Total Number of Removed Registers = 3 ;                    ;
+---------------------------------------+--------------------+


+------------------------------------------------------+
; General Register Statistics                          ;
+----------------------------------------------+-------+
; Statistic                                    ; Value ;
+----------------------------------------------+-------+
; Total registers                              ; 99    ;
; Number of registers using Synchronous Clear  ; 0     ;
; Number of registers using Synchronous Load   ; 0     ;
; Number of registers using Asynchronous Clear ; 32    ;
; Number of registers using Asynchronous Load  ; 0     ;
; Number of registers using Clock Enable       ; 90    ;
; Number of registers using Preset             ; 0     ;
+----------------------------------------------+-------+


+--------------------------------------------------+
; Inverted Register Statistics                     ;
+----------------------------------------+---------+
; Inverted Register                      ; Fan out ;
+----------------------------------------+---------+
; instr_mem:INSTR_MEM|pc[7]              ; 44      ;
; instr_mem:INSTR_MEM|pc[5]              ; 80      ;
; instr_mem:INSTR_MEM|pc[4]              ; 82      ;
; instr_mem:INSTR_MEM|pc[0]              ; 93      ;
; instr_mem:INSTR_MEM|pc[3]              ; 93      ;
; instr_mem:INSTR_MEM|pc[2]              ; 96      ;
; instr_mem:INSTR_MEM|pc[1]              ; 82      ;
; instr_mem:INSTR_MEM|pc[6]              ; 64      ;
; Total number of inverted registers = 8 ;         ;
+----------------------------------------+---------+


+-----------------------------------------------------------------------+
; Registers Packed Into Inferred Megafunctions                          ;
+---------------------------------+------------------------------+------+
; Register Name                   ; Megafunction                 ; Type ;
+---------------------------------+------------------------------+------+
; data_mem:DATA_MEM|mem_out[0..7] ; data_mem:DATA_MEM|core_rtl_0 ; RAM  ;
+---------------------------------+------------------------------+------+


+---------------------------------------------------------------------------------------------------------------------------------------------------+
; Multiplexer Restructuring Statistics (Restructuring Performed)                                                                                    ;
+--------------------+-----------+---------------+----------------------+------------------------+------------+-------------------------------------+
; Multiplexer Inputs ; Bus Width ; Baseline Area ; Area if Restructured ; Saving if Restructured ; Registered ; Example Multiplexer Output          ;
+--------------------+-----------+---------------+----------------------+------------------------+------------+-------------------------------------+
; 4:1                ; 8 bits    ; 16 LEs        ; 16 LEs               ; 0 LEs                  ; Yes        ; |cirno|reg_file:REG_FILE|x[5]       ;
; 3:1                ; 2 bits    ; 4 LEs         ; 2 LEs                ; 2 LEs                  ; Yes        ; |cirno|reg_file:REG_FILE|y[7]       ;
; 3:1                ; 6 bits    ; 12 LEs        ; 6 LEs                ; 6 LEs                  ; Yes        ; |cirno|reg_file:REG_FILE|y[3]       ;
; 5:1                ; 4 bits    ; 12 LEs        ; 8 LEs                ; 4 LEs                  ; Yes        ; |cirno|reg_file:REG_FILE|mem[0][1]  ;
; 5:1                ; 4 bits    ; 12 LEs        ; 8 LEs                ; 4 LEs                  ; Yes        ; |cirno|reg_file:REG_FILE|mem[0][7]  ;
; 5:1                ; 4 bits    ; 12 LEs        ; 8 LEs                ; 4 LEs                  ; Yes        ; |cirno|reg_file:REG_FILE|mem[1][0]  ;
; 5:1                ; 4 bits    ; 12 LEs        ; 8 LEs                ; 4 LEs                  ; Yes        ; |cirno|reg_file:REG_FILE|mem[1][7]  ;
; 5:1                ; 4 bits    ; 12 LEs        ; 8 LEs                ; 4 LEs                  ; Yes        ; |cirno|reg_file:REG_FILE|mem[2][2]  ;
; 5:1                ; 4 bits    ; 12 LEs        ; 8 LEs                ; 4 LEs                  ; Yes        ; |cirno|reg_file:REG_FILE|mem[2][6]  ;
; 5:1                ; 4 bits    ; 12 LEs        ; 8 LEs                ; 4 LEs                  ; Yes        ; |cirno|reg_file:REG_FILE|mem[3][3]  ;
; 5:1                ; 4 bits    ; 12 LEs        ; 8 LEs                ; 4 LEs                  ; Yes        ; |cirno|reg_file:REG_FILE|mem[3][4]  ;
; 20:1               ; 2 bits    ; 26 LEs        ; 2 LEs                ; 24 LEs                 ; Yes        ; |cirno|decoder:DECODER|immediate[1] ;
; 11:1               ; 4 bits    ; 28 LEs        ; 12 LEs               ; 16 LEs                 ; Yes        ; |cirno|decoder:DECODER|funct[2]     ;
; 20:1               ; 2 bits    ; 26 LEs        ; 4 LEs                ; 22 LEs                 ; Yes        ; |cirno|decoder:DECODER|immediate[4] ;
; 10:1               ; 2 bits    ; 12 LEs        ; 4 LEs                ; 8 LEs                  ; Yes        ; |cirno|decoder:DECODER|r1[0]        ;
; 4:1                ; 8 bits    ; 16 LEs        ; 16 LEs               ; 0 LEs                  ; Yes        ; |cirno|instr_mem:INSTR_MEM|pc[6]    ;
; 4:1                ; 2 bits    ; 4 LEs         ; 4 LEs                ; 0 LEs                  ; No         ; |cirno|alu:ALU|ShiftLeft0           ;
; 4:1                ; 2 bits    ; 4 LEs         ; 4 LEs                ; 0 LEs                  ; No         ; |cirno|alu:ALU|ShiftRight0          ;
; 4:1                ; 2 bits    ; 4 LEs         ; 4 LEs                ; 0 LEs                  ; No         ; |cirno|alu:ALU|ShiftLeft0           ;
; 4:1                ; 9 bits    ; 18 LEs        ; 18 LEs               ; 0 LEs                  ; No         ; |cirno|instr_mem:INSTR_MEM|Mux6     ;
; 4:1                ; 8 bits    ; 16 LEs        ; 16 LEs               ; 0 LEs                  ; No         ; |cirno|reg_file:REG_FILE|Mux12      ;
; 18:1               ; 4 bits    ; 48 LEs        ; 36 LEs               ; 12 LEs                 ; No         ; |cirno|alu:ALU|Mux7                 ;
; 18:1               ; 4 bits    ; 48 LEs        ; 36 LEs               ; 12 LEs                 ; No         ; |cirno|alu:ALU|Mux0                 ;
+--------------------+-----------+---------------+----------------------+------------------------+------------+-------------------------------------+


+-----------------------------------------------------------------------------------------------+
; Source assignments for data_mem:DATA_MEM|altsyncram:core_rtl_0|altsyncram_m0q1:auto_generated ;
+---------------------------------+--------------------+------+---------------------------------+
; Assignment                      ; Value              ; From ; To                              ;
+---------------------------------+--------------------+------+---------------------------------+
; OPTIMIZE_POWER_DURING_SYNTHESIS ; NORMAL_COMPILATION ; -    ; -                               ;
+---------------------------------+--------------------+------+---------------------------------+


+------------------------------------------------------------------------------------------+
; Parameter Settings for Inferred Entity Instance: data_mem:DATA_MEM|altsyncram:core_rtl_0 ;
+------------------------------------+----------------------+------------------------------+
; Parameter Name                     ; Value                ; Type                         ;
+------------------------------------+----------------------+------------------------------+
; BYTE_SIZE_BLOCK                    ; 8                    ; Untyped                      ;
; AUTO_CARRY_CHAINS                  ; ON                   ; AUTO_CARRY                   ;
; IGNORE_CARRY_BUFFERS               ; OFF                  ; IGNORE_CARRY                 ;
; AUTO_CASCADE_CHAINS                ; ON                   ; AUTO_CASCADE                 ;
; IGNORE_CASCADE_BUFFERS             ; OFF                  ; IGNORE_CASCADE               ;
; WIDTH_BYTEENA                      ; 1                    ; Untyped                      ;
; OPERATION_MODE                     ; DUAL_PORT            ; Untyped                      ;
; WIDTH_A                            ; 8                    ; Untyped                      ;
; WIDTHAD_A                          ; 8                    ; Untyped                      ;
; NUMWORDS_A                         ; 256                  ; Untyped                      ;
; OUTDATA_REG_A                      ; UNREGISTERED         ; Untyped                      ;
; ADDRESS_ACLR_A                     ; NONE                 ; Untyped                      ;
; OUTDATA_ACLR_A                     ; NONE                 ; Untyped                      ;
; WRCONTROL_ACLR_A                   ; NONE                 ; Untyped                      ;
; INDATA_ACLR_A                      ; NONE                 ; Untyped                      ;
; BYTEENA_ACLR_A                     ; NONE                 ; Untyped                      ;
; WIDTH_B                            ; 8                    ; Untyped                      ;
; WIDTHAD_B                          ; 8                    ; Untyped                      ;
; NUMWORDS_B                         ; 256                  ; Untyped                      ;
; INDATA_REG_B                       ; CLOCK1               ; Untyped                      ;
; WRCONTROL_WRADDRESS_REG_B          ; CLOCK1               ; Untyped                      ;
; RDCONTROL_REG_B                    ; CLOCK0               ; Untyped                      ;
; ADDRESS_REG_B                      ; CLOCK0               ; Untyped                      ;
; OUTDATA_REG_B                      ; UNREGISTERED         ; Untyped                      ;
; BYTEENA_REG_B                      ; CLOCK1               ; Untyped                      ;
; INDATA_ACLR_B                      ; NONE                 ; Untyped                      ;
; WRCONTROL_ACLR_B                   ; NONE                 ; Untyped                      ;
; ADDRESS_ACLR_B                     ; NONE                 ; Untyped                      ;
; OUTDATA_ACLR_B                     ; NONE                 ; Untyped                      ;
; RDCONTROL_ACLR_B                   ; NONE                 ; Untyped                      ;
; BYTEENA_ACLR_B                     ; NONE                 ; Untyped                      ;
; WIDTH_BYTEENA_A                    ; 1                    ; Untyped                      ;
; WIDTH_BYTEENA_B                    ; 1                    ; Untyped                      ;
; RAM_BLOCK_TYPE                     ; AUTO                 ; Untyped                      ;
; BYTE_SIZE                          ; 8                    ; Untyped                      ;
; READ_DURING_WRITE_MODE_MIXED_PORTS ; OLD_DATA             ; Untyped                      ;
; READ_DURING_WRITE_MODE_PORT_A      ; NEW_DATA_NO_NBE_READ ; Untyped                      ;
; READ_DURING_WRITE_MODE_PORT_B      ; NEW_DATA_NO_NBE_READ ; Untyped                      ;
; INIT_FILE                          ; UNUSED               ; Untyped                      ;
; INIT_FILE_LAYOUT                   ; PORT_A               ; Untyped                      ;
; MAXIMUM_DEPTH                      ; 0                    ; Untyped                      ;
; CLOCK_ENABLE_INPUT_A               ; NORMAL               ; Untyped                      ;
; CLOCK_ENABLE_INPUT_B               ; NORMAL               ; Untyped                      ;
; CLOCK_ENABLE_OUTPUT_A              ; NORMAL               ; Untyped                      ;
; CLOCK_ENABLE_OUTPUT_B              ; NORMAL               ; Untyped                      ;
; CLOCK_ENABLE_CORE_A                ; USE_INPUT_CLKEN      ; Untyped                      ;
; CLOCK_ENABLE_CORE_B                ; USE_INPUT_CLKEN      ; Untyped                      ;
; ENABLE_ECC                         ; FALSE                ; Untyped                      ;
; ECC_PIPELINE_STAGE_ENABLED         ; FALSE                ; Untyped                      ;
; WIDTH_ECCSTATUS                    ; 3                    ; Untyped                      ;
; DEVICE_FAMILY                      ; Cyclone V            ; Untyped                      ;
; CBXI_PARAMETER                     ; altsyncram_m0q1      ; Untyped                      ;
+------------------------------------+----------------------+------------------------------+
Note: In order to hide this table in the UI and the text report file, please set the "Show Parameter Settings in Synthesis Report" option in "Analysis and Synthesis Settings -> More Settings" to "Off".


+-------------------------------------------------------------------------------------+
; altsyncram Parameter Settings by Entity Instance                                    ;
+-------------------------------------------+-----------------------------------------+
; Name                                      ; Value                                   ;
+-------------------------------------------+-----------------------------------------+
; Number of entity instances                ; 1                                       ;
; Entity Instance                           ; data_mem:DATA_MEM|altsyncram:core_rtl_0 ;
;     -- OPERATION_MODE                     ; DUAL_PORT                               ;
;     -- WIDTH_A                            ; 8                                       ;
;     -- NUMWORDS_A                         ; 256                                     ;
;     -- OUTDATA_REG_A                      ; UNREGISTERED                            ;
;     -- WIDTH_B                            ; 8                                       ;
;     -- NUMWORDS_B                         ; 256                                     ;
;     -- ADDRESS_REG_B                      ; CLOCK0                                  ;
;     -- OUTDATA_REG_B                      ; UNREGISTERED                            ;
;     -- RAM_BLOCK_TYPE                     ; AUTO                                    ;
;     -- READ_DURING_WRITE_MODE_MIXED_PORTS ; OLD_DATA                                ;
+-------------------------------------------+-----------------------------------------+


+-------------------------------------------------+
; Port Connectivity Checks: "instr_mem:INSTR_MEM" ;
+---------------+-------+----------+--------------+
; Port          ; Type  ; Severity ; Details      ;
+---------------+-------+----------+--------------+
; start_address ; Input ; Info     ; Stuck at VCC ;
+---------------+-------+----------+--------------+


+-----------------------------------------------------+
; Post-Synthesis Netlist Statistics for Top Partition ;
+-----------------------+-----------------------------+
; Type                  ; Count                       ;
+-----------------------+-----------------------------+
; arriav_ff             ; 99                          ;
;     CLR               ; 8                           ;
;     ENA               ; 66                          ;
;     ENA CLR           ; 24                          ;
;     plain             ; 1                           ;
; arriav_lcell_comb     ; 407                         ;
;     arith             ; 35                          ;
;         1 data inputs ; 11                          ;
;         2 data inputs ; 8                           ;
;         3 data inputs ; 16                          ;
;     extend            ; 5                           ;
;         7 data inputs ; 5                           ;
;     normal            ; 367                         ;
;         2 data inputs ; 22                          ;
;         3 data inputs ; 32                          ;
;         4 data inputs ; 49                          ;
;         5 data inputs ; 56                          ;
;         6 data inputs ; 208                         ;
; boundary_port         ; 3                           ;
; stratixv_ram_block    ; 8                           ;
;                       ;                             ;
; Max LUT depth         ; 6.00                        ;
; Average LUT depth     ; 3.89                        ;
+-----------------------+-----------------------------+


+-------------------------------+
; Elapsed Time Per Partition    ;
+----------------+--------------+
; Partition Name ; Elapsed Time ;
+----------------+--------------+
; Top            ; 00:00:02     ;
+----------------+--------------+


+-------------------------------+
; Analysis & Synthesis Messages ;
+-------------------------------+
Info: *******************************************************************
Info: Running Quartus Prime Analysis & Synthesis
    Info: Version 17.1.0 Build 590 10/25/2017 SJ Lite Edition
    Info: Processing started: Sat Apr 20 15:47:43 2019
Info: Command: quartus_map --read_settings_files=on --write_settings_files=off cirno -c cirno
Warning (18236): Number of processors has not been specified which may cause overloading on shared machines.  Set the global assignment NUM_PARALLEL_PROCESSORS in your QSF to an appropriate value for best performance.
Info (20030): Parallel compilation is enabled and will use 4 of the 4 processors detected
Info (12021): Found 1 design units, including 1 entities, in source file /home/tedi2/playground/cirno-processing-unit/src/cirno/alu.sv
    Info (12023): Found entity 1: alu File: /home/tedi2/playground/cirno-processing-unit/src/cirno/alu.sv Line: 12
Info (12021): Found 1 design units, including 1 entities, in source file /home/tedi2/playground/cirno-processing-unit/src/cirno/decoder.sv
    Info (12023): Found entity 1: decoder File: /home/tedi2/playground/cirno-processing-unit/src/cirno/decoder.sv Line: 1
Info (12021): Found 1 design units, including 1 entities, in source file /home/tedi2/playground/cirno-processing-unit/src/cirno/data_mem.sv
    Info (12023): Found entity 1: data_mem File: /home/tedi2/playground/cirno-processing-unit/src/cirno/data_mem.sv Line: 1
Info (12021): Found 1 design units, including 1 entities, in source file /home/tedi2/playground/cirno-processing-unit/src/cirno/cirno.sv
    Info (12023): Found entity 1: cirno File: /home/tedi2/playground/cirno-processing-unit/src/cirno/cirno.sv Line: 9
Info (12021): Found 1 design units, including 1 entities, in source file /home/tedi2/playground/cirno-processing-unit/src/cirno/instr_mem.sv
    Info (12023): Found entity 1: instr_mem File: /home/tedi2/playground/cirno-processing-unit/src/cirno/instr_mem.sv Line: 1
Info (12021): Found 1 design units, including 1 entities, in source file /home/tedi2/playground/cirno-processing-unit/src/cirno/reg_file.sv
    Info (12023): Found entity 1: reg_file File: /home/tedi2/playground/cirno-processing-unit/src/cirno/reg_file.sv Line: 1
Info (12127): Elaborating entity "cirno" for the top level hierarchy
Info (10264): Verilog HDL Case Statement information at cirno.sv(55): all case item expressions in this case statement are onehot File: /home/tedi2/playground/cirno-processing-unit/src/cirno/cirno.sv Line: 55
Warning (10240): Verilog HDL Always Construct warning at cirno.sv(37): inferring latch(es) for variable "start_address", which holds its previous value in one or more paths through the always construct File: /home/tedi2/playground/cirno-processing-unit/src/cirno/cirno.sv Line: 37
Info (10041): Inferred latch for "start_address[0]" at cirno.sv(37) File: /home/tedi2/playground/cirno-processing-unit/src/cirno/cirno.sv Line: 37
Info (10041): Inferred latch for "start_address[1]" at cirno.sv(37) File: /home/tedi2/playground/cirno-processing-unit/src/cirno/cirno.sv Line: 37
Info (10041): Inferred latch for "start_address[2]" at cirno.sv(37) File: /home/tedi2/playground/cirno-processing-unit/src/cirno/cirno.sv Line: 37
Info (10041): Inferred latch for "start_address[3]" at cirno.sv(37) File: /home/tedi2/playground/cirno-processing-unit/src/cirno/cirno.sv Line: 37
Info (10041): Inferred latch for "start_address[4]" at cirno.sv(37) File: /home/tedi2/playground/cirno-processing-unit/src/cirno/cirno.sv Line: 37
Info (10041): Inferred latch for "start_address[5]" at cirno.sv(37) File: /home/tedi2/playground/cirno-processing-unit/src/cirno/cirno.sv Line: 37
Info (10041): Inferred latch for "start_address[6]" at cirno.sv(37) File: /home/tedi2/playground/cirno-processing-unit/src/cirno/cirno.sv Line: 37
Info (10041): Inferred latch for "start_address[7]" at cirno.sv(37) File: /home/tedi2/playground/cirno-processing-unit/src/cirno/cirno.sv Line: 37
Info (12128): Elaborating entity "decoder" for hierarchy "decoder:DECODER" File: /home/tedi2/playground/cirno-processing-unit/src/cirno/cirno.sv Line: 31
Info (12128): Elaborating entity "alu" for hierarchy "alu:ALU" File: /home/tedi2/playground/cirno-processing-unit/src/cirno/cirno.sv Line: 32
Info (12128): Elaborating entity "reg_file" for hierarchy "reg_file:REG_FILE" File: /home/tedi2/playground/cirno-processing-unit/src/cirno/cirno.sv Line: 33
Info (12128): Elaborating entity "data_mem" for hierarchy "data_mem:DATA_MEM" File: /home/tedi2/playground/cirno-processing-unit/src/cirno/cirno.sv Line: 34
Info (12128): Elaborating entity "instr_mem" for hierarchy "instr_mem:INSTR_MEM" File: /home/tedi2/playground/cirno-processing-unit/src/cirno/cirno.sv Line: 35
Warning (10230): Verilog HDL assignment warning at instr_mem.sv(30): truncated value with size 32 to match size of target (2) File: /home/tedi2/playground/cirno-processing-unit/src/cirno/instr_mem.sv Line: 30
Warning (10230): Verilog HDL assignment warning at instr_mem.sv(49): truncated value with size 32 to match size of target (8) File: /home/tedi2/playground/cirno-processing-unit/src/cirno/instr_mem.sv Line: 49
Warning (10240): Verilog HDL Always Construct warning at instr_mem.sv(27): inferring latch(es) for variable "prog", which holds its previous value in one or more paths through the always construct File: /home/tedi2/playground/cirno-processing-unit/src/cirno/instr_mem.sv Line: 27
Warning (10235): Verilog HDL Always Construct warning at instr_mem.sv(55): variable "prog" is read inside the Always Construct but isn't in the Always Construct's Event Control File: /home/tedi2/playground/cirno-processing-unit/src/cirno/instr_mem.sv Line: 55
Warning (10270): Verilog HDL Case Statement warning at instr_mem.sv(55): incomplete case statement has no default case item File: /home/tedi2/playground/cirno-processing-unit/src/cirno/instr_mem.sv Line: 55
Warning (10030): Net "rom1.data_a" at instr_mem.sv(15) has no driver or initial value, using a default initial value '0' File: /home/tedi2/playground/cirno-processing-unit/src/cirno/instr_mem.sv Line: 15
Warning (10030): Net "rom1.waddr_a" at instr_mem.sv(15) has no driver or initial value, using a default initial value '0' File: /home/tedi2/playground/cirno-processing-unit/src/cirno/instr_mem.sv Line: 15
Warning (10030): Net "rom2.data_a" at instr_mem.sv(16) has no driver or initial value, using a default initial value '0' File: /home/tedi2/playground/cirno-processing-unit/src/cirno/instr_mem.sv Line: 16
Warning (10030): Net "rom2.waddr_a" at instr_mem.sv(16) has no driver or initial value, using a default initial value '0' File: /home/tedi2/playground/cirno-processing-unit/src/cirno/instr_mem.sv Line: 16
Warning (10030): Net "rom3.data_a" at instr_mem.sv(17) has no driver or initial value, using a default initial value '0' File: /home/tedi2/playground/cirno-processing-unit/src/cirno/instr_mem.sv Line: 17
Warning (10030): Net "rom3.waddr_a" at instr_mem.sv(17) has no driver or initial value, using a default initial value '0' File: /home/tedi2/playground/cirno-processing-unit/src/cirno/instr_mem.sv Line: 17
Warning (10030): Net "rom1.we_a" at instr_mem.sv(15) has no driver or initial value, using a default initial value '0' File: /home/tedi2/playground/cirno-processing-unit/src/cirno/instr_mem.sv Line: 15
Warning (10030): Net "rom2.we_a" at instr_mem.sv(16) has no driver or initial value, using a default initial value '0' File: /home/tedi2/playground/cirno-processing-unit/src/cirno/instr_mem.sv Line: 16
Warning (10030): Net "rom3.we_a" at instr_mem.sv(17) has no driver or initial value, using a default initial value '0' File: /home/tedi2/playground/cirno-processing-unit/src/cirno/instr_mem.sv Line: 17
Info (10041): Inferred latch for "prog[0]" at instr_mem.sv(27) File: /home/tedi2/playground/cirno-processing-unit/src/cirno/instr_mem.sv Line: 27
Info (10041): Inferred latch for "prog[1]" at instr_mem.sv(27) File: /home/tedi2/playground/cirno-processing-unit/src/cirno/instr_mem.sv Line: 27
Info (276014): Found 3 instances of uninferred RAM logic
    Info (276007): RAM logic "instr_mem:INSTR_MEM|rom1" is uninferred due to asynchronous read logic File: /home/tedi2/playground/cirno-processing-unit/src/cirno/instr_mem.sv Line: 15
    Info (276007): RAM logic "instr_mem:INSTR_MEM|rom2" is uninferred due to asynchronous read logic File: /home/tedi2/playground/cirno-processing-unit/src/cirno/instr_mem.sv Line: 16
    Info (276007): RAM logic "instr_mem:INSTR_MEM|rom3" is uninferred due to asynchronous read logic File: /home/tedi2/playground/cirno-processing-unit/src/cirno/instr_mem.sv Line: 17
Critical Warning (127005): Memory depth (256) in the design file differs from memory depth (139) in the Memory Initialization File "/home/tedi2/playground/cirno-processing-unit/quartus/db/cirno.ram0_instr_mem_8ff0214b.hdl.mif" -- setting initial value for remaining addresses to 0
Critical Warning (127005): Memory depth (256) in the design file differs from memory depth (185) in the Memory Initialization File "/home/tedi2/playground/cirno-processing-unit/quartus/db/cirno.ram1_instr_mem_8ff0214b.hdl.mif" -- setting initial value for remaining addresses to 0
Critical Warning (127005): Memory depth (256) in the design file differs from memory depth (232) in the Memory Initialization File "/home/tedi2/playground/cirno-processing-unit/quartus/db/cirno.ram2_instr_mem_8ff0214b.hdl.mif" -- setting initial value for remaining addresses to 0
Info (19000): Inferred 1 megafunctions from design logic
    Info (276029): Inferred altsyncram megafunction from the following design logic: "data_mem:DATA_MEM|core_rtl_0" 
        Info (286033): Parameter OPERATION_MODE set to DUAL_PORT
        Info (286033): Parameter WIDTH_A set to 8
        Info (286033): Parameter WIDTHAD_A set to 8
        Info (286033): Parameter NUMWORDS_A set to 256
        Info (286033): Parameter WIDTH_B set to 8
        Info (286033): Parameter WIDTHAD_B set to 8
        Info (286033): Parameter NUMWORDS_B set to 256
        Info (286033): Parameter ADDRESS_ACLR_A set to NONE
        Info (286033): Parameter OUTDATA_REG_B set to UNREGISTERED
        Info (286033): Parameter ADDRESS_ACLR_B set to NONE
        Info (286033): Parameter OUTDATA_ACLR_B set to NONE
        Info (286033): Parameter ADDRESS_REG_B set to CLOCK0
        Info (286033): Parameter INDATA_ACLR_A set to NONE
        Info (286033): Parameter WRCONTROL_ACLR_A set to NONE
        Info (286033): Parameter READ_DURING_WRITE_MODE_MIXED_PORTS set to OLD_DATA
        Info (286033): Parameter RDCONTROL_REG_B set to CLOCK0
Info (12130): Elaborated megafunction instantiation "data_mem:DATA_MEM|altsyncram:core_rtl_0"
Info (12133): Instantiated megafunction "data_mem:DATA_MEM|altsyncram:core_rtl_0" with the following parameter:
    Info (12134): Parameter "OPERATION_MODE" = "DUAL_PORT"
    Info (12134): Parameter "WIDTH_A" = "8"
    Info (12134): Parameter "WIDTHAD_A" = "8"
    Info (12134): Parameter "NUMWORDS_A" = "256"
    Info (12134): Parameter "WIDTH_B" = "8"
    Info (12134): Parameter "WIDTHAD_B" = "8"
    Info (12134): Parameter "NUMWORDS_B" = "256"
    Info (12134): Parameter "ADDRESS_ACLR_A" = "NONE"
    Info (12134): Parameter "OUTDATA_REG_B" = "UNREGISTERED"
    Info (12134): Parameter "ADDRESS_ACLR_B" = "NONE"
    Info (12134): Parameter "OUTDATA_ACLR_B" = "NONE"
    Info (12134): Parameter "ADDRESS_REG_B" = "CLOCK0"
    Info (12134): Parameter "INDATA_ACLR_A" = "NONE"
    Info (12134): Parameter "WRCONTROL_ACLR_A" = "NONE"
    Info (12134): Parameter "READ_DURING_WRITE_MODE_MIXED_PORTS" = "OLD_DATA"
    Info (12134): Parameter "RDCONTROL_REG_B" = "CLOCK0"
Info (12021): Found 1 design units, including 1 entities, in source file db/altsyncram_m0q1.tdf
    Info (12023): Found entity 1: altsyncram_m0q1 File: /home/tedi2/playground/cirno-processing-unit/quartus/db/altsyncram_m0q1.tdf Line: 27
Info (13000): Registers with preset signals will power-up high File: /home/tedi2/playground/cirno-processing-unit/src/cirno/instr_mem.sv Line: 32
Info (13003): DEV_CLRn pin will set, and not reset, register with preset signal due to NOT Gate Push-Back
Info (286030): Timing-Driven Synthesis is running
Info (17049): 3 registers lost all their fanouts during netlist optimizations.
Info (144001): Generated suppressed messages file /home/tedi2/playground/cirno-processing-unit/quartus/output_files/cirno.map.smsg
Info (16010): Generating hard_block partition "hard_block:auto_generated_inst"
    Info (16011): Adding 0 node(s), including 0 DDIO, 0 PLL, 0 transceiver and 0 LCELL
Info (21057): Implemented 425 device resources after synthesis - the final resource count might be different
    Info (21058): Implemented 2 input pins
    Info (21059): Implemented 1 output pins
    Info (21061): Implemented 414 logic cells
    Info (21064): Implemented 8 RAM segments
Info: Quartus Prime Analysis & Synthesis was successful. 0 errors, 19 warnings
    Info: Peak virtual memory: 1099 megabytes
    Info: Processing ended: Sat Apr 20 15:47:56 2019
    Info: Elapsed time: 00:00:13
    Info: Total CPU time (on all processors): 00:00:31


+------------------------------------------+
; Analysis & Synthesis Suppressed Messages ;
+------------------------------------------+
The suppressed messages can be found in /home/tedi2/playground/cirno-processing-unit/quartus/output_files/cirno.map.smsg.


